Application     F:\Bancusoft\Parstat\cspro-training\src\COVID-19\batch\COVID-19-BATCH.bch
Type            BATCH
Input Data      <<CSPro DB>> F:\Bancusoft\Parstat\cspro-training\src\COVID-19\COVID-19.csdb
<Output>        <<CSPro DB>> F:\Bancusoft\Parstat\cspro-training\src\COVID-19\output_COVID-19.csdb

Date            Oct 24, 2020
Start Time      11:36:13
End Time        11:36:13

CSPro Process Summary

      ╔══════════════════════════════════════════════════════╗
      ║        32 Records Read   100% of input file          ║
      ║         0 Ignored:       0 Unknown         0 Erased  ║
      ║         7 Messages:      0 E      0 W      7 User    ║
      ╠═════════╦══════════════╦══════════════╦══════════════╣
      ║  Level  ║  Input Case  ║  Bad Struct  ║  Level Post  ║
      ╠═════════╬══════════════╬══════════════╬══════════════╣
      ║      1  ║           8  ║           0  ║           8  ║
      ╚═════════╩══════════════╩══════════════╩══════════════╝

Process Messages

*** Case [005] has 1 message (0 E / 0 W / 1 U)
    U     -25 Patient had symptomps but none selected

*** Case [008] has 1 message (0 E / 0 W / 1 U)
    U     -48 Required hospitalization when patient not had symptoms.

*** Case [009] has 3 messages (0 E / 0 W / 3 U)
    U     -57 Admission to intensive care without hospatilization
    U     -77 Mechanical ventilation without hospatilization
    U     -87 EMO without hospatilization

*** Case [011] has 2 messages (0 E / 0 W / 2 U)
    U     -42 Patient had symptomps but selected only - Unknown
    U     -53 hospital without name  in 2020 Year ?

User unnumbered messages:

    Line        Freq    %    Message Text                                                                          Denom
    ----        ----  -----  ------------                                                                          -----
      25           1      -  Patient had symptomps but none selected                                                   -
      42           1      -  Patient had symptomps but selected only - Unknown                                         -
      48           1      -  Required hospitalization when patient not had symptoms.                                   -
      53           1      -  hospital without name  in 2020 Year ?                                                     -
      57           1      -  Admission to intensive care without hospatilization                                       -
      77           1      -  Mechanical ventilation without hospatilization                                            -
      87           1      -  EMO without hospatilization                                                               -


CSPro Executor Normal End
------------------------------------------------------------------------------------------------------------------------
